2026-02-23 23:40
- 修改文件: todo.sh
- 解决问题: 修复当待办内容包含管道符(|)或双冒号(::)时内容被截断的bug
- 消耗配额: 约3次MiniMax调用

2026-02-23 23:25
- 修改文件: todo.sh
- 解决问题: 修复重复完成同一待办导致数据损坏的bug
- 消耗配额: 约2次调用

2026-02-23 23:50
- 修改文件: (无)
- 解决问题: 代码审查通过，未发现新bug

2026-02-24 00:00
- 修改文件: (无)  
- 解决问题: 完整功能测试通过

2026-02-24 00:25
- 状态: 代码稳定，无新问题
2026-02-24 00:50 - 稳定运行
2026-02-24 01:00 - 稳定运行
2026-02-24 01:25 - 稳定运行
2026-02-24 01:50 - 稳定运行
2026-02-24 02:00 - 稳定运行
2026-02-24 02:25 - 稳定运行
2026-02-24 02:50 - 稳定运行
2026-02-24 03:00 - 稳定运行
2026-02-24 03:25 - 稳定运行
2026-02-24 06:00
- 修改文件: (无)
- 解决问题: 代码稳定
- 消耗配额: 约1次MiniMax调用

2026-02-24 05:50
- 修改文件: (无)
- 解决问题: 代码稳定
- 消耗配额: 约1次MiniMax调用

2026-02-24 05:25
- 修改文件: (无)
- 解决问题: 边界测试通过
- 消耗配额: 约1次MiniMax调用

2026-02-24 05:00
- 修改文件: (无)
- 解决问题: 功能测试通过，特殊字符处理正确
- 消耗配额: 约1次MiniMax调用

2026-02-24 04:50
- 修改文件: (无)
- 解决问题: 代码审查通过，功能稳定
- 消耗配额: 约1次MiniMax调用

2026-02-24 04:34
- 修改文件: README.md
- 解决问题: 修复文档中数据文件路径与代码不一致(todos.txt -> ~/.todo_data)
- 消耗配额: 约1次MiniMax调用

2026-02-24 04:25
- 修改文件: todo.sh
- 解决问题: 修复done_todo函数在空文件时完成不存在ID导致数据被清空的bug（与delete_todo相同模式）
- 消耗配额: 约1次MiniMax调用

2026-02-24 04:00
- 修改文件: todo.sh
- 解决问题: 修复delete_todo函数在空文件时删除不存在ID导致数据被清空的严重bug
- 消耗配额: 约1次MiniMax调用

2026-02-24 03:50 - 稳定运行
